******************************************************************************
         TMS320C54x COFF Linker PC v4.1.0                      
******************************************************************************
>> Linked Sun Jun 14 13:38:22 2015

OUTPUT FILE NAME:   <Led_control.out>
ENTRY POINT SYMBOL: "_c_int00"  address: 00000080


MEMORY CONFIGURATION

                  name            origin    length      used    attr    fill
         ----------------------  --------  ---------  --------  ----  --------
PAGE  0: DARAM1                  00000080   00000100  00000026  RWIX

PAGE  1: DARAM2                  00000180   00000100  00000000  RWIX
         Timer0                  0000ffcc   00000004  00000000  RWIX


SECTION ALLOCATION MAP

 output                                  attributes/
section   page    origin      length       input sections
--------  ----  ----------  ----------   ----------------
.Timer0    0    ffffffff    00000002     
                  ffffffff    00000002     vectors.obj (.Timer0)

.text      0    00000080    00000026     
                  00000080    00000026     Led_control.obj (.text)

.data      1    00000180    00000000     UNINITIALIZED

.bss       1    00000180    00000000     UNINITIALIZED


GLOBAL SYMBOLS: SORTED ALPHABETICALLY BY Name 

address    name
--------   ----
00000180   .bss
00000180   .data
00000080   .text
000000a1   TINT0
ffffffff   ___binit__
00000180   ___bss__
ffffffff   ___c_args__
ffffffff   ___cinit__
00000180   ___data__
00000180   ___edata__
00000180   ___end__
000000a6   ___etext__
ffffffff   ___pinit__
00000080   ___text__
00000000   __lflags
00000080   _c_int00
ffffffff   binit
ffffffff   cinit
00000180   edata
00000180   end
000000a6   etext
ffffffff   pinit


GLOBAL SYMBOLS: SORTED BY Symbol Address 

address    name
--------   ----
00000000   __lflags
00000080   _c_int00
00000080   .text
00000080   ___text__
000000a1   TINT0
000000a6   etext
000000a6   ___etext__
00000180   ___end__
00000180   end
00000180   edata
00000180   ___bss__
00000180   .data
00000180   .bss
00000180   ___data__
00000180   ___edata__
ffffffff   ___binit__
ffffffff   pinit
ffffffff   cinit
ffffffff   ___c_args__
ffffffff   ___cinit__
ffffffff   binit
ffffffff   ___pinit__

[22 symbols]
