******************************************************************************
         TMS320C54x COFF Linker PC v4.1.0                      
******************************************************************************
>> Linked Tue Jun 30 15:26:10 2015

OUTPUT FILE NAME:   <./Debug/timer2.out>
ENTRY POINT SYMBOL: "_c_int00"  address: 00000ffa


MEMORY CONFIGURATION

                  name            origin    length      used    attr    fill
         ----------------------  --------  ---------  --------  ----  --------
PAGE  0: EPROM                   00000ffa   00000100  00000070  RWIX
         vec                     0000ff80   00000060  00000000  RWIX

PAGE  1: SPRAM                   00000060   00000020  00000006  RWIX
         DARAM                   00000080   00000880  00000810  RWIX


SECTION ALLOCATION MAP

 output                                  attributes/
section   page    origin      length       input sections
--------  ----  ----------  ----------   ----------------
.data      0    00000ffa    00000000     UNINITIALIZED

.timer_vectors 
*          0    00000ffa    00000000     UNINITIALIZED

.text      0    00000ffa    00000070     
                  00000ffa    00000070     timer2.obj (.text)

.bss       1    00000060    00000006     UNINITIALIZED
                  00000060    00000006     timer2.obj (.bss)

out        1    00000080    00000400     UNINITIALIZED
                  00000080    00000400     timer2.obj (out)

out1       1    00000480    00000400     UNINITIALIZED
                  00000480    00000400     timer2.obj (out1)

STACK      1    00000880    00000010     UNINITIALIZED
                  00000880    00000010     timer2.obj (STACK)


GLOBAL SYMBOLS: SORTED ALPHABETICALLY BY Name 

address    name
--------   ----
00000060   .bss
00000ffa   .data
00000ffa   .text
ffffffff   ___binit__
00000060   ___bss__
ffffffff   ___c_args__
ffffffff   ___cinit__
00000ffa   ___data__
00000ffa   ___edata__
00000066   ___end__
0000106a   ___etext__
ffffffff   ___pinit__
00000ffa   ___text__
00000000   __lflags
00000ffa   _c_int00
00001028   _c_int01_NMI
0000102a   _c_int02_SINT17
0000102c   _c_int03_SINT18
0000102e   _c_int04_SINT19
00001030   _c_int05_SINT20
00001032   _c_int06_SINT21
00001034   _c_int07_SINT22
00001036   _c_int08_SINT23
00001038   _c_int09_SINT24
0000103a   _c_int10_SINT25
0000103c   _c_int11_SINT26
0000103e   _c_int12_SINT27
00001040   _c_int13_SINT28
00001042   _c_int14_SINT29
00001044   _c_int15_SINT30
00001046   _c_int16_INT0
00001048   _c_int17_INT1
0000104a   _c_int18_INT2
0000104c   _c_int19_TINT0
00001060   _c_int20_BRINT0
00001062   _c_int21_BXINT0
00001064   _c_int22_SINT6
00001066   _c_int23_TINT1
00001068   _c_int24_INT3
ffffffff   binit
ffffffff   cinit
00000ffa   edata
00000066   end
0000106a   etext
ffffffff   pinit


GLOBAL SYMBOLS: SORTED BY Symbol Address 

address    name
--------   ----
00000000   __lflags
00000060   ___bss__
00000060   .bss
00000066   ___end__
00000066   end
00000ffa   ___text__
00000ffa   .text
00000ffa   _c_int00
00000ffa   .data
00000ffa   edata
00000ffa   ___data__
00000ffa   ___edata__
00001028   _c_int01_NMI
0000102a   _c_int02_SINT17
0000102c   _c_int03_SINT18
0000102e   _c_int04_SINT19
00001030   _c_int05_SINT20
00001032   _c_int06_SINT21
00001034   _c_int07_SINT22
00001036   _c_int08_SINT23
00001038   _c_int09_SINT24
0000103a   _c_int10_SINT25
0000103c   _c_int11_SINT26
0000103e   _c_int12_SINT27
00001040   _c_int13_SINT28
00001042   _c_int14_SINT29
00001044   _c_int15_SINT30
00001046   _c_int16_INT0
00001048   _c_int17_INT1
0000104a   _c_int18_INT2
0000104c   _c_int19_TINT0
00001060   _c_int20_BRINT0
00001062   _c_int21_BXINT0
00001064   _c_int22_SINT6
00001066   _c_int23_TINT1
00001068   _c_int24_INT3
0000106a   etext
0000106a   ___etext__
ffffffff   ___c_args__
ffffffff   ___binit__
ffffffff   pinit
ffffffff   ___cinit__
ffffffff   ___pinit__
ffffffff   cinit
ffffffff   binit

[45 symbols]
