TMS320C54x COFF Assembler PC v4.1.0 Sun Feb 07 18:09:02 2010

Tools Copyright (c) 1996-2005 Texas Instruments Incorporated
C:\Users\shining\AppData\Local\Temp\TI1242                           PAGE    1

       1              ;***************************************************************
       2              ;* TMS320C54x C/C++ Codegen                          PC v4.1.0 *
       3              ;* Date/Time created: Sun Feb 07 18:09:01 2010                 *
       4              ;***************************************************************
       5                      .compiler_opts --mem_model:code=near --mem_model:data=flat --quiet 
       6                      .mmregs
       7        0017  FP      .set    AR7
       8                      .c_mode
       9              
      10              DW$CU   .dwtag  DW_TAG_compile_unit
      11                      .dwattr DW$CU, DW_AT_name("main.c")
      12                      .dwattr DW$CU, DW_AT_producer("TMS320C54x C/C++ Codegen PC v4.1.0 Copyright (c) 1996-2005 Texas Instr
      13                      .dwattr DW$CU, DW_AT_stmt_list(0x00)
      14                      .dwattr DW$CU, DW_AT_TI_VERSION(0x01)
      15              
      16              DW$1    .dwtag  DW_TAG_subprogram, DW_AT_name("init_dsp"), DW_AT_symbol_name("_init_dsp")
      17                      .dwattr DW$1, DW_AT_declaration(0x01)
      18                      .dwattr DW$1, DW_AT_external(0x01)
      19              
      20              DW$2    .dwtag  DW_TAG_subprogram, DW_AT_name("LED_flash"), DW_AT_symbol_name("_LED_flash")
      21                      .dwattr DW$2, DW_AT_declaration(0x01)
      22                      .dwattr DW$2, DW_AT_external(0x01)
      23              ;       C:\CCStudio_v3.3\C5400\cgtools\bin\acp500.exe --keep_unneeded_types -q -D_DEBUG -IC:/CCStudio_v3.3/C5
      24 000000               .sect   ".text"
      25                      .global _main
      26              
      27              DW$3    .dwtag  DW_TAG_subprogram, DW_AT_name("main"), DW_AT_symbol_name("_main")
      28                      .dwattr DW$3, DW_AT_low_pc(_main)
      29                      .dwattr DW$3, DW_AT_high_pc(0x00)
      30                      .dwattr DW$3, DW_AT_begin_file("main.c")
      31                      .dwattr DW$3, DW_AT_begin_line(0x06)
      32                      .dwattr DW$3, DW_AT_begin_column(0x06)
      33                      .dwpsn  "main.c",7,1
      34              
      35                      .dwfde DW$CIE
      36              
      37              ;***************************************************************
      38              ;* FUNCTION DEF: _main                                         *
      39              ;***************************************************************
      40 000000       _main:
      41                      .dwcfa  0x0e, 1
      42                      .dwcfa  0x80, 34, 1
      43 000000 EEFF          FRAME     #-1
      44                      .dwcfa  0x0e, 2
      45                      .dwpsn  "main.c",8,2
      46 000001 F074          CALL      #_init_dsp            ; |8| 
         000002 0000!
      47                      ; call occurs [#_init_dsp] ; |8| 
      48                      .dwpsn  "main.c",10,2
      49 000003 F074          CALL      #_zhiling             ; |10| 
         000004 0009'
      50                      ; call occurs [#_zhiling] ; |10| 
      51                      .dwpsn  "main.c",12,8
      52 000005       L1:    
      53 000005       DW$L$_main$2$B:
TMS320C54x COFF Assembler PC v4.1.0 Sun Feb 07 18:09:02 2010

Tools Copyright (c) 1996-2005 Texas Instruments Incorporated
C:\Users\shining\AppData\Local\Temp\TI1242                           PAGE    2

      54                      .dwpsn  "main.c",14,3
      55 000005 F074          CALL      #_LED_flash           ; |14| 
         000006 0000!
      56                      ; call occurs [#_LED_flash] ; |14| 
      57                      .dwpsn  "main.c",12,8
      58 000007 F073          B         L1                    ; |12| 
         000008 0005'
      59                      ; branch occurs ; |12| 
      60 000009       DW$L$_main$2$E:
      61                      .dwcfa  0x0e, 1
      62              
      63              DW$4    .dwtag  DW_TAG_loop
      64                      .dwattr DW$4, DW_AT_name("C:\Users\shining\AppData\Local\Temp\TI1242:L1:1:1265537341")
      65                      .dwattr DW$4, DW_AT_begin_file("main.c")
      66                      .dwattr DW$4, DW_AT_begin_line(0x0c)
      67                      .dwattr DW$4, DW_AT_end_line(0x0f)
      68              DW$5    .dwtag  DW_TAG_loop_range
      69                      .dwattr DW$5, DW_AT_low_pc(DW$L$_main$2$B)
      70                      .dwattr DW$5, DW_AT_high_pc(DW$L$_main$2$E)
      71                      .dwendtag DW$4
      72              
      73                      .dwattr DW$3, DW_AT_end_file("main.c")
      74                      .dwattr DW$3, DW_AT_end_line(0x10)
      75                      .dwattr DW$3, DW_AT_end_column(0x01)
      76                      .dwendentry
      77                      .dwendtag DW$3
      78              
      79 000009               .sect   ".text"
      80                      .global _zhiling
      81              
      82              DW$6    .dwtag  DW_TAG_subprogram, DW_AT_name("zhiling"), DW_AT_symbol_name("_zhiling")
      83                      .dwattr DW$6, DW_AT_low_pc(_zhiling)
      84                      .dwattr DW$6, DW_AT_high_pc(0x00)
      85                      .dwattr DW$6, DW_AT_begin_file("main.c")
      86                      .dwattr DW$6, DW_AT_begin_line(0x12)
      87                      .dwattr DW$6, DW_AT_begin_column(0x06)
      88                      .dwpsn  "main.c",19,1
      89              
      90                      .dwfde DW$CIE
      91              
      92              ;***************************************************************
      93              ;* FUNCTION DEF: _zhiling                                      *
      94              ;***************************************************************
      95 000009       _zhiling:
      96                      .dwcfa  0x0e, 1
      97                      .dwcfa  0x80, 34, 1
      98                      .dwpsn  "main.c",21,2
      99 000009 7711          STM #1500H, AR1 
         00000a 1500 
     100                      .dwpsn  "main.c",22,2
     101 00000b 7681          ST #1234H, *AR1 
         00000c 1234 
     102                      .dwpsn  "main.c",23,2
     103 00000d 6B91          ADDM #0248H, *AR1+      
         00000e 0248 
TMS320C54x COFF Assembler PC v4.1.0 Sun Feb 07 18:09:02 2010

Tools Copyright (c) 1996-2005 Texas Instruments Incorporated
C:\Users\shining\AppData\Local\Temp\TI1242                           PAGE    3

     104                      .dwpsn  "main.c",25,2
     105 00000f 7681          ST #8007H,      *AR1    
         000010 8007 
     106                      .dwpsn  "main.c",26,2
     107 000011 F7B8          SSBX SXM        
     108                      .dwpsn  "main.c",27,2
     109 000012 F7B9          SSBX OVM        
     110                      .dwpsn  "main.c",28,2
     111 000013 6B81          ADDM #0F088H, *AR1      
         000014 F088 
     112                      .dwpsn  "main.c",30,2
     113 000015 E803          LD #3H, A       
     114                      .dwpsn  "main.c",31,2
     115 000016 0291          ADDS *AR1+, A   
     116                      .dwpsn  "main.c",32,2
     117 000017 4E91          DST A, *AR1+    
     118                      .dwpsn  "main.c",34,2
     119 000018 F028          LD #12H, 8, A   
         000019 0012 
     120                      .dwpsn  "main.c",35,2
     121 00001a 7681          ST #1500H, *AR1 
         00001b 1500 
     122                      .dwpsn  "main.c",36,2
     123 00001c 6F81          ADD *AR1, 14, A 
         00001d 0C0E 
     124                      .dwpsn  "main.c",37,2
     125 00001e 4E91          DST A, *AR1+    
     126                      .dwpsn  "main.c",39,2
     127 00001f F128          LD #18H, 8, B   
         000020 0018 
     128                      .dwpsn  "main.c",40,2
     129 000021 F518          ADD A, -8, B    
     130                      .dwpsn  "main.c",41,2
     131 000022 4E91          DST A, *AR1+    
     132                      .dwpsn  "main.c",42,2
     133 000023 4F91          DST B, *AR1+    
     134                      .dwpsn  "main.c",44,2
     135 000024 F028          LD #12H, 8, A   
         000025 0012 
     136                      .dwpsn  "main.c",45,2
     137 000026 F128          LD #18H, 8, B   
         000027 0018 
     138                      .dwpsn  "main.c",46,2
     139 000028 F108          ADD #4568H, 8, A, B     
         000029 4568 
     140                      .dwpsn  "main.c",47,2
     141 00002a 4E91          DST A, *AR1+    
     142                      .dwpsn  "main.c",48,2
     143 00002b 4F91          DST B, *AR1+    
     144                      .dwpsn  "main.c",50,2
     145 00002c 7712          STM #1500H, AR2 
         00002d 1500 
     146                      .dwpsn  "main.c",51,2
     147 00002e 7713          STM #1501H, AR3 
         00002f 1501 
TMS320C54x COFF Assembler PC v4.1.0 Sun Feb 07 18:09:02 2010

Tools Copyright (c) 1996-2005 Texas Instruments Incorporated
C:\Users\shining\AppData\Local\Temp\TI1242                           PAGE    4

     148                      .dwpsn  "main.c",52,2
     149 000030 A049          ADD *AR2-, *AR3+, A     
     150                      .dwpsn  "main.c",53,2
     151 000031 4E91          DST A, *AR1+    
     152                      .dwpsn  "main.c",54,2
     153 000032 4812          LDM AR2, A      
     154                      .dwpsn  "main.c",55,2
     155 000033 4E91          DST A, *AR1+    
     156                      .dwpsn  "main.c",56,2
     157 000034 4813          LDM AR3, A      
     158                      .dwpsn  "main.c",57,2
     159 000035 4E91          DST A, *AR1+    
     160                      .dwpsn  "main.c",59,2
     161 000036 E830          LD #30H, A      
     162                      .dwpsn  "main.c",60,2
     163 000037 F5BB          SSBX C  
     164                      .dwpsn  "main.c",61,2
     165 000038 06EA          ADDC *+AR2(5), A        
         000039 0005 
     166                      .dwpsn  "main.c",62,2
     167 00003a 4E91          DST A, *AR1+    
     168                      .dwpsn  "main.c",63,2
     169 00003b 4812          LDM AR2, A      
     170                      .dwpsn  "main.c",64,2
     171 00003c 4E91          DST A, *AR1+    
     172                      .dwpsn  "main.c",66,1
     173 00003d FC00          RET
     174                      ; return occurs
     175                      .dwattr DW$6, DW_AT_end_file("main.c")
     176                      .dwattr DW$6, DW_AT_end_line(0x42)
     177                      .dwattr DW$6, DW_AT_end_column(0x01)
     178                      .dwendentry
     179                      .dwendtag DW$6
     180              
     181              ;***************************************************************
     182              ;* UNDEFINED EXTERNAL REFERENCES                               *
     183              ;***************************************************************
     184                      .global _init_dsp
     185                      .global _LED_flash
     186              
     187              ;***************************************************************
     188              ;* TYPE INFORMATION                                            *
     189              ;***************************************************************
     190              
     191              DW$T$19 .dwtag  DW_TAG_subroutine_type
     192                      .dwattr DW$T$19, DW_AT_language(DW_LANG_C)
     193              
     194                      .dwattr DW$3, DW_AT_external(0x01)
     195                      .dwattr DW$6, DW_AT_external(0x01)
     196                      .dwattr DW$CU, DW_AT_language(DW_LANG_C)
     197              
     198              ;***************************************************************
     199              ;* DWARF CIE ENTRIES                                           *
     200              ;***************************************************************
     201              
TMS320C54x COFF Assembler PC v4.1.0 Sun Feb 07 18:09:02 2010

Tools Copyright (c) 1996-2005 Texas Instruments Incorporated
C:\Users\shining\AppData\Local\Temp\TI1242                           PAGE    5

     202              DW$CIE  .dwcie 1, 34
     203                      .dwcfa  0x0c, 17, 0
     204                      .dwcfa  0x07, 0
     205                      .dwcfa  0x07, 1
     206                      .dwcfa  0x07, 2
     207                      .dwcfa  0x07, 3
     208                      .dwcfa  0x07, 4
     209                      .dwcfa  0x07, 5
     210                      .dwcfa  0x07, 6
     211                      .dwcfa  0x07, 7
     212                      .dwcfa  0x07, 8
     213                      .dwcfa  0x07, 9
     214                      .dwcfa  0x08, 10
     215                      .dwcfa  0x07, 11
     216                      .dwcfa  0x07, 12
     217                      .dwcfa  0x07, 13
     218                      .dwcfa  0x07, 14
     219                      .dwcfa  0x08, 15
     220                      .dwcfa  0x08, 16
     221                      .dwcfa  0x07, 17
     222                      .dwcfa  0x07, 18
     223                      .dwcfa  0x07, 19
     224                      .dwcfa  0x07, 20
     225                      .dwcfa  0x07, 21
     226                      .dwcfa  0x07, 22
     227                      .dwcfa  0x07, 23
     228                      .dwcfa  0x07, 24
     229                      .dwcfa  0x07, 25
     230                      .dwcfa  0x07, 26
     231                      .dwcfa  0x07, 27
     232                      .dwcfa  0x07, 28
     233                      .dwcfa  0x07, 29
     234                      .dwcfa  0x07, 30
     235                      .dwcfa  0x07, 31
     236                      .dwcfa  0x07, 32
     237                      .dwcfa  0x07, 33
     238                      .dwcfa  0x07, 34
     239              
     240              ;***************************************************************
     241              ;* DWARF REGISTER MAP                                          *
     242              ;***************************************************************
     243              
     244              DW$7    .dwtag  DW_TAG_assign_register, DW_AT_name("A")
     245                      .dwattr DW$7, DW_AT_location[DW_OP_reg0]
     246              DW$8    .dwtag  DW_TAG_assign_register, DW_AT_name("AH")
     247                      .dwattr DW$8, DW_AT_location[DW_OP_reg1]
     248              DW$9    .dwtag  DW_TAG_assign_register, DW_AT_name("AG")
     249                      .dwattr DW$9, DW_AT_location[DW_OP_reg2]
     250              DW$10   .dwtag  DW_TAG_assign_register, DW_AT_name("")
     251                      .dwattr DW$10, DW_AT_location[DW_OP_reg3]
     252              DW$11   .dwtag  DW_TAG_assign_register, DW_AT_name("")
     253                      .dwattr DW$11, DW_AT_location[DW_OP_reg4]
     254              DW$12   .dwtag  DW_TAG_assign_register, DW_AT_name("")
     255                      .dwattr DW$12, DW_AT_location[DW_OP_reg5]
     256              DW$13   .dwtag  DW_TAG_assign_register, DW_AT_name("B")
TMS320C54x COFF Assembler PC v4.1.0 Sun Feb 07 18:09:02 2010

Tools Copyright (c) 1996-2005 Texas Instruments Incorporated
C:\Users\shining\AppData\Local\Temp\TI1242                           PAGE    6

     257                      .dwattr DW$13, DW_AT_location[DW_OP_reg6]
     258              DW$14   .dwtag  DW_TAG_assign_register, DW_AT_name("BH")
     259                      .dwattr DW$14, DW_AT_location[DW_OP_reg7]
     260              DW$15   .dwtag  DW_TAG_assign_register, DW_AT_name("BG")
     261                      .dwattr DW$15, DW_AT_location[DW_OP_reg8]
     262              DW$16   .dwtag  DW_TAG_assign_register, DW_AT_name("AR0")
     263                      .dwattr DW$16, DW_AT_location[DW_OP_reg9]
     264              DW$17   .dwtag  DW_TAG_assign_register, DW_AT_name("AR1")
     265                      .dwattr DW$17, DW_AT_location[DW_OP_reg10]
     266              DW$18   .dwtag  DW_TAG_assign_register, DW_AT_name("AR2")
     267                      .dwattr DW$18, DW_AT_location[DW_OP_reg11]
     268              DW$19   .dwtag  DW_TAG_assign_register, DW_AT_name("AR3")
     269                      .dwattr DW$19, DW_AT_location[DW_OP_reg12]
     270              DW$20   .dwtag  DW_TAG_assign_register, DW_AT_name("AR4")
     271                      .dwattr DW$20, DW_AT_location[DW_OP_reg13]
     272              DW$21   .dwtag  DW_TAG_assign_register, DW_AT_name("AR5")
     273                      .dwattr DW$21, DW_AT_location[DW_OP_reg14]
     274              DW$22   .dwtag  DW_TAG_assign_register, DW_AT_name("AR6")
     275                      .dwattr DW$22, DW_AT_location[DW_OP_reg15]
     276              DW$23   .dwtag  DW_TAG_assign_register, DW_AT_name("AR7")
     277                      .dwattr DW$23, DW_AT_location[DW_OP_reg16]
     278              DW$24   .dwtag  DW_TAG_assign_register, DW_AT_name("SP")
     279                      .dwattr DW$24, DW_AT_location[DW_OP_reg17]
     280              DW$25   .dwtag  DW_TAG_assign_register, DW_AT_name("FP")
     281                      .dwattr DW$25, DW_AT_location[DW_OP_reg18]
     282              DW$26   .dwtag  DW_TAG_assign_register, DW_AT_name("BK")
     283                      .dwattr DW$26, DW_AT_location[DW_OP_reg19]
     284              DW$27   .dwtag  DW_TAG_assign_register, DW_AT_name("T")
     285                      .dwattr DW$27, DW_AT_location[DW_OP_reg20]
     286              DW$28   .dwtag  DW_TAG_assign_register, DW_AT_name("ASM")
     287                      .dwattr DW$28, DW_AT_location[DW_OP_reg21]
     288              DW$29   .dwtag  DW_TAG_assign_register, DW_AT_name("SXM")
     289                      .dwattr DW$29, DW_AT_location[DW_OP_reg22]
     290              DW$30   .dwtag  DW_TAG_assign_register, DW_AT_name("ST0")
     291                      .dwattr DW$30, DW_AT_location[DW_OP_reg23]
     292              DW$31   .dwtag  DW_TAG_assign_register, DW_AT_name("ST1")
     293                      .dwattr DW$31, DW_AT_location[DW_OP_reg24]
     294              DW$32   .dwtag  DW_TAG_assign_register, DW_AT_name("BRC")
     295                      .dwattr DW$32, DW_AT_location[DW_OP_reg25]
     296              DW$33   .dwtag  DW_TAG_assign_register, DW_AT_name("TC")
     297                      .dwattr DW$33, DW_AT_location[DW_OP_reg26]
     298              DW$34   .dwtag  DW_TAG_assign_register, DW_AT_name("PC")
     299                      .dwattr DW$34, DW_AT_location[DW_OP_reg27]
     300              DW$35   .dwtag  DW_TAG_assign_register, DW_AT_name("DB")
     301                      .dwattr DW$35, DW_AT_location[DW_OP_reg28]
     302              DW$36   .dwtag  DW_TAG_assign_register, DW_AT_name("PMST")
     303                      .dwattr DW$36, DW_AT_location[DW_OP_reg29]
     304              DW$37   .dwtag  DW_TAG_assign_register, DW_AT_name("RSA")
     305                      .dwattr DW$37, DW_AT_location[DW_OP_reg30]
     306              DW$38   .dwtag  DW_TAG_assign_register, DW_AT_name("REA")
     307                      .dwattr DW$38, DW_AT_location[DW_OP_reg31]
     308              DW$39   .dwtag  DW_TAG_assign_register, DW_AT_name("OVM")
     309                      .dwattr DW$39, DW_AT_location[DW_OP_regx 0x20]
     310              DW$40   .dwtag  DW_TAG_assign_register, DW_AT_name("FRCT")
     311                      .dwattr DW$40, DW_AT_location[DW_OP_regx 0x21]
TMS320C54x COFF Assembler PC v4.1.0 Sun Feb 07 18:09:02 2010

Tools Copyright (c) 1996-2005 Texas Instruments Incorporated
C:\Users\shining\AppData\Local\Temp\TI1242                           PAGE    7

     312              DW$41   .dwtag  DW_TAG_assign_register, DW_AT_name("CIE_RETA")
     313                      .dwattr DW$41, DW_AT_location[DW_OP_regx 0x22]
     314                      .dwendtag DW$CU
     315              

No Assembly Errors, No Assembly Warnings
