TMS320C54x COFF Assembler PC v4.1.0 Tue Feb 16 23:40:20 2010

Tools Copyright (c) 1996-2005 Texas Instruments Incorporated
C:\Users\shining\AppData\Local\Temp\TI5242                           PAGE    1

       1              ;***************************************************************
       2              ;* TMS320C54x C/C++ Codegen                          PC v4.1.0 *
       3              ;* Date/Time created: Tue Feb 16 23:40:20 2010                 *
       4              ;***************************************************************
       5                      .compiler_opts --mem_model:code=near --mem_model:data=flat --quiet 
       6                      .mmregs
       7        0017  FP      .set    AR7
       8                      .c_mode
       9              
      10              DW$CU   .dwtag  DW_TAG_compile_unit
      11                      .dwattr DW$CU, DW_AT_name("main.c")
      12                      .dwattr DW$CU, DW_AT_producer("TMS320C54x C/C++ Codegen PC v4.1.0 Copyright (c) 1996-2005 Texas Instr
      13                      .dwattr DW$CU, DW_AT_stmt_list(0x00)
      14                      .dwattr DW$CU, DW_AT_TI_VERSION(0x01)
      15              
      16              DW$1    .dwtag  DW_TAG_subprogram, DW_AT_name("init_dsp"), DW_AT_symbol_name("_init_dsp")
      17                      .dwattr DW$1, DW_AT_declaration(0x01)
      18                      .dwattr DW$1, DW_AT_external(0x01)
      19              
      20              DW$2    .dwtag  DW_TAG_subprogram, DW_AT_name("LED_flash"), DW_AT_symbol_name("_LED_flash")
      21                      .dwattr DW$2, DW_AT_declaration(0x01)
      22                      .dwattr DW$2, DW_AT_external(0x01)
      23              ;       C:\CCStudio_v3.3\C5400\cgtools\bin\acp500.exe --keep_unneeded_types -q -D_DEBUG -IC:/CCStudio_v3.3/C5
      24 000000               .sect   ".text"
      25                      .global _main
      26              
      27              DW$3    .dwtag  DW_TAG_subprogram, DW_AT_name("main"), DW_AT_symbol_name("_main")
      28                      .dwattr DW$3, DW_AT_low_pc(_main)
      29                      .dwattr DW$3, DW_AT_high_pc(0x00)
      30                      .dwattr DW$3, DW_AT_begin_file("main.c")
      31                      .dwattr DW$3, DW_AT_begin_line(0x06)
      32                      .dwattr DW$3, DW_AT_begin_column(0x06)
      33                      .dwpsn  "main.c",7,1
      34              
      35                      .dwfde DW$CIE
      36              
      37              ;***************************************************************
      38              ;* FUNCTION DEF: _main                                         *
      39              ;***************************************************************
      40 000000       _main:
      41                      .dwcfa  0x0e, 1
      42                      .dwcfa  0x80, 34, 1
      43 000000 EEFF          FRAME     #-1
      44                      .dwcfa  0x0e, 2
      45                      .dwpsn  "main.c",8,2
      46 000001 F074          CALL      #_init_dsp            ; |8| 
         000002 0000!
      47                      ; call occurs [#_init_dsp] ; |8| 
      48                      .dwpsn  "main.c",10,2
      49 000003 F074          CALL      #_zhiling             ; |10| 
         000004 0009'
      50                      ; call occurs [#_zhiling] ; |10| 
      51                      .dwpsn  "main.c",12,8
      52 000005       L1:    
      53 000005       DW$L$_main$2$B:
TMS320C54x COFF Assembler PC v4.1.0 Tue Feb 16 23:40:20 2010

Tools Copyright (c) 1996-2005 Texas Instruments Incorporated
C:\Users\shining\AppData\Local\Temp\TI5242                           PAGE    2

      54                      .dwpsn  "main.c",14,3
      55 000005 F074          CALL      #_LED_flash           ; |14| 
         000006 0000!
      56                      ; call occurs [#_LED_flash] ; |14| 
      57                      .dwpsn  "main.c",12,8
      58 000007 F073          B         L1                    ; |12| 
         000008 0005'
      59                      ; branch occurs ; |12| 
      60 000009       DW$L$_main$2$E:
      61                      .dwcfa  0x0e, 1
      62              
      63              DW$4    .dwtag  DW_TAG_loop
      64                      .dwattr DW$4, DW_AT_name("C:\Users\shining\AppData\Local\Temp\TI5242:L1:1:1266334820")
      65                      .dwattr DW$4, DW_AT_begin_file("main.c")
      66                      .dwattr DW$4, DW_AT_begin_line(0x0c)
      67                      .dwattr DW$4, DW_AT_end_line(0x0f)
      68              DW$5    .dwtag  DW_TAG_loop_range
      69                      .dwattr DW$5, DW_AT_low_pc(DW$L$_main$2$B)
      70                      .dwattr DW$5, DW_AT_high_pc(DW$L$_main$2$E)
      71                      .dwendtag DW$4
      72              
      73                      .dwattr DW$3, DW_AT_end_file("main.c")
      74                      .dwattr DW$3, DW_AT_end_line(0x10)
      75                      .dwattr DW$3, DW_AT_end_column(0x01)
      76                      .dwendentry
      77                      .dwendtag DW$3
      78              
      79 000009               .sect   ".text"
      80                      .global _zhiling
      81              
      82              DW$6    .dwtag  DW_TAG_subprogram, DW_AT_name("zhiling"), DW_AT_symbol_name("_zhiling")
      83                      .dwattr DW$6, DW_AT_low_pc(_zhiling)
      84                      .dwattr DW$6, DW_AT_high_pc(0x00)
      85                      .dwattr DW$6, DW_AT_begin_file("main.c")
      86                      .dwattr DW$6, DW_AT_begin_line(0x12)
      87                      .dwattr DW$6, DW_AT_begin_column(0x06)
      88                      .dwpsn  "main.c",19,1
      89              
      90                      .dwfde DW$CIE
      91              
      92              ;***************************************************************
      93              ;* FUNCTION DEF: _zhiling                                      *
      94              ;***************************************************************
      95 000009       _zhiling:
      96                      .dwcfa  0x0e, 1
      97                      .dwcfa  0x80, 34, 1
      98                      .dwpsn  "main.c",21,2
      99 000009 7711          STM #1500H, AR1 
         00000a 1500 
     100                      .dwpsn  "main.c",22,2
     101 00000b F028          LD #10H, 8, A   
         00000c 0010 
     102                      .dwpsn  "main.c",23,2
     103 00000d E900          LD #0, B        
     104                      .dwpsn  "main.c",24,2
TMS320C54x COFF Assembler PC v4.1.0 Tue Feb 16 23:40:20 2010

Tools Copyright (c) 1996-2005 Texas Instruments Incorporated
C:\Users\shining\AppData\Local\Temp\TI5242                           PAGE    3

     105 00000e 770E          STM #0400H, T   
         00000f 0400 
     106                      .dwpsn  "main.c",25,2
     107 000010 F6B6          RSBX FRCT       
     108                      .dwpsn  "main.c",26,2
     109 000011 F167          MAC #345H, A, B 
         000012 0345 
     110                      .dwpsn  "main.c",27,2
     111 000013 4F91          DST B, *AR1+    
     112                      .dwpsn  "main.c",28,2
     113 000014 E900          LD #0, B        
     114                      .dwpsn  "main.c",29,2
     115 000015 F7B6          SSBX FRCT       
     116                      .dwpsn  "main.c",30,2
     117 000016 F167          MAC #345H, A, B 
         000017 0345 
     118                      .dwpsn  "main.c",31,2
     119 000018 4F91          DST B, *AR1+    
     120                      .dwpsn  "main.c",34,2
     121 000019 F028          LD #80H, 8, A   
         00001a 0080 
     122                      .dwpsn  "main.c",35,2
     123 00001b E904          LD #04H, B      
     124                      .dwpsn  "main.c",36,2
     125 00001c 7713          STM #1501H, AR3 
         00001d 1501 
     126                      .dwpsn  "main.c",37,2
     127 00001e 7714          STM #1503H, AR4 
         00001f 1503 
     128                      .dwpsn  "main.c",38,2
     129 000020 B112          MAC *AR3, *AR4, A, B    
     130                      .dwpsn  "main.c",39,2
     131 000021 4F91          DST B, *AR1+    
     132                      .dwpsn  "main.c",40,2
     133 000022 E904          LD #04H, B      
     134                      .dwpsn  "main.c",41,2
     135 000023 B512          MACR *AR3, *AR4, A, B   
     136                      .dwpsn  "main.c",42,2
     137 000024 4F91          DST B, *AR1+    
     138                      .dwpsn  "main.c",44,2
     139 000025 F062          LD #1234H, 16, A        
         000026 1234 
     140                      .dwpsn  "main.c",45,2
     141 000027 F162          LD #2H, 16, B   
         000028 0002 
     142                      .dwpsn  "main.c",46,2
     143 000029 770E          STM #0444H, T   
         00002a 0444 
     144                      .dwpsn  "main.c",47,2
     145 00002b F588          MACA T, A, B    
     146                      .dwpsn  "main.c",48,2
     147 00002c 4F91          DST B, *AR1+    
     148                      .dwpsn  "main.c",49,2
     149 00002d F788          MACA T, B, B    
     150                      .dwpsn  "main.c",50,2
TMS320C54x COFF Assembler PC v4.1.0 Tue Feb 16 23:40:20 2010

Tools Copyright (c) 1996-2005 Texas Instruments Incorporated
C:\Users\shining\AppData\Local\Temp\TI5242                           PAGE    4

     151 00002e 4F91          DST B, *AR1+    
     152                      .dwpsn  "main.c",52,2
     153 00002f 7691          ST #8765H, *AR1+        
         000030 8765 
     154                      .dwpsn  "main.c",53,2
     155 000031 7691          ST #1234H, *AR1+        
         000032 1234 
     156                      .dwpsn  "main.c",54,2
     157 000033 7691          ST #1234H, *AR1+        
         000034 1234 
     158                      .dwpsn  "main.c",55,2
     159 000035 7691          ST #8765H, *AR1+        
         000036 8765 
     160                      .dwpsn  "main.c",56,2
     161 000037 7713          STM #150CH, AR3 
         000038 150C 
     162                      .dwpsn  "main.c",57,2
     163 000039 7714          STM #150EH, AR4 
         00003a 150E 
     164                      .dwpsn  "main.c",58,2
     165 00003b F6B6          RSBX FRCT       
     166                      .dwpsn  "main.c",59,2
     167 00003c F028          LD #10H, 8, A   
         00003d 0010 
     168                      .dwpsn  "main.c",60,2
     169 00003e 770E          STM #8H, T      
         00003f 0008 
     170                      .dwpsn  "main.c",61,2
     171 000040 A69A          MACSU *AR3+, *AR4+, A   
     172                      .dwpsn  "main.c",62,2
     173 000041 4E91          DST A, *AR1+    
     174                      .dwpsn  "main.c",63,2
     175 000042 A69A          MACSU *AR3+, *AR4+, A   
     176                      .dwpsn  "main.c",64,2
     177 000043 4E91          DST A, *AR1+    
     178                      .dwpsn  "main.c",66,1
     179 000044 FC00          RET
     180                      ; return occurs
     181                      .dwattr DW$6, DW_AT_end_file("main.c")
     182                      .dwattr DW$6, DW_AT_end_line(0x42)
     183                      .dwattr DW$6, DW_AT_end_column(0x01)
     184                      .dwendentry
     185                      .dwendtag DW$6
     186              
     187              ;***************************************************************
     188              ;* UNDEFINED EXTERNAL REFERENCES                               *
     189              ;***************************************************************
     190                      .global _init_dsp
     191                      .global _LED_flash
     192              
     193              ;***************************************************************
     194              ;* TYPE INFORMATION                                            *
     195              ;***************************************************************
     196              
     197              DW$T$19 .dwtag  DW_TAG_subroutine_type
TMS320C54x COFF Assembler PC v4.1.0 Tue Feb 16 23:40:20 2010

Tools Copyright (c) 1996-2005 Texas Instruments Incorporated
C:\Users\shining\AppData\Local\Temp\TI5242                           PAGE    5

     198                      .dwattr DW$T$19, DW_AT_language(DW_LANG_C)
     199              
     200                      .dwattr DW$3, DW_AT_external(0x01)
     201                      .dwattr DW$6, DW_AT_external(0x01)
     202                      .dwattr DW$CU, DW_AT_language(DW_LANG_C)
     203              
     204              ;***************************************************************
     205              ;* DWARF CIE ENTRIES                                           *
     206              ;***************************************************************
     207              
     208              DW$CIE  .dwcie 1, 34
     209                      .dwcfa  0x0c, 17, 0
     210                      .dwcfa  0x07, 0
     211                      .dwcfa  0x07, 1
     212                      .dwcfa  0x07, 2
     213                      .dwcfa  0x07, 3
     214                      .dwcfa  0x07, 4
     215                      .dwcfa  0x07, 5
     216                      .dwcfa  0x07, 6
     217                      .dwcfa  0x07, 7
     218                      .dwcfa  0x07, 8
     219                      .dwcfa  0x07, 9
     220                      .dwcfa  0x08, 10
     221                      .dwcfa  0x07, 11
     222                      .dwcfa  0x07, 12
     223                      .dwcfa  0x07, 13
     224                      .dwcfa  0x07, 14
     225                      .dwcfa  0x08, 15
     226                      .dwcfa  0x08, 16
     227                      .dwcfa  0x07, 17
     228                      .dwcfa  0x07, 18
     229                      .dwcfa  0x07, 19
     230                      .dwcfa  0x07, 20
     231                      .dwcfa  0x07, 21
     232                      .dwcfa  0x07, 22
     233                      .dwcfa  0x07, 23
     234                      .dwcfa  0x07, 24
     235                      .dwcfa  0x07, 25
     236                      .dwcfa  0x07, 26
     237                      .dwcfa  0x07, 27
     238                      .dwcfa  0x07, 28
     239                      .dwcfa  0x07, 29
     240                      .dwcfa  0x07, 30
     241                      .dwcfa  0x07, 31
     242                      .dwcfa  0x07, 32
     243                      .dwcfa  0x07, 33
     244                      .dwcfa  0x07, 34
     245              
     246              ;***************************************************************
     247              ;* DWARF REGISTER MAP                                          *
     248              ;***************************************************************
     249              
     250              DW$7    .dwtag  DW_TAG_assign_register, DW_AT_name("A")
     251                      .dwattr DW$7, DW_AT_location[DW_OP_reg0]
     252              DW$8    .dwtag  DW_TAG_assign_register, DW_AT_name("AH")
TMS320C54x COFF Assembler PC v4.1.0 Tue Feb 16 23:40:20 2010

Tools Copyright (c) 1996-2005 Texas Instruments Incorporated
C:\Users\shining\AppData\Local\Temp\TI5242                           PAGE    6

     253                      .dwattr DW$8, DW_AT_location[DW_OP_reg1]
     254              DW$9    .dwtag  DW_TAG_assign_register, DW_AT_name("AG")
     255                      .dwattr DW$9, DW_AT_location[DW_OP_reg2]
     256              DW$10   .dwtag  DW_TAG_assign_register, DW_AT_name("")
     257                      .dwattr DW$10, DW_AT_location[DW_OP_reg3]
     258              DW$11   .dwtag  DW_TAG_assign_register, DW_AT_name("")
     259                      .dwattr DW$11, DW_AT_location[DW_OP_reg4]
     260              DW$12   .dwtag  DW_TAG_assign_register, DW_AT_name("")
     261                      .dwattr DW$12, DW_AT_location[DW_OP_reg5]
     262              DW$13   .dwtag  DW_TAG_assign_register, DW_AT_name("B")
     263                      .dwattr DW$13, DW_AT_location[DW_OP_reg6]
     264              DW$14   .dwtag  DW_TAG_assign_register, DW_AT_name("BH")
     265                      .dwattr DW$14, DW_AT_location[DW_OP_reg7]
     266              DW$15   .dwtag  DW_TAG_assign_register, DW_AT_name("BG")
     267                      .dwattr DW$15, DW_AT_location[DW_OP_reg8]
     268              DW$16   .dwtag  DW_TAG_assign_register, DW_AT_name("AR0")
     269                      .dwattr DW$16, DW_AT_location[DW_OP_reg9]
     270              DW$17   .dwtag  DW_TAG_assign_register, DW_AT_name("AR1")
     271                      .dwattr DW$17, DW_AT_location[DW_OP_reg10]
     272              DW$18   .dwtag  DW_TAG_assign_register, DW_AT_name("AR2")
     273                      .dwattr DW$18, DW_AT_location[DW_OP_reg11]
     274              DW$19   .dwtag  DW_TAG_assign_register, DW_AT_name("AR3")
     275                      .dwattr DW$19, DW_AT_location[DW_OP_reg12]
     276              DW$20   .dwtag  DW_TAG_assign_register, DW_AT_name("AR4")
     277                      .dwattr DW$20, DW_AT_location[DW_OP_reg13]
     278              DW$21   .dwtag  DW_TAG_assign_register, DW_AT_name("AR5")
     279                      .dwattr DW$21, DW_AT_location[DW_OP_reg14]
     280              DW$22   .dwtag  DW_TAG_assign_register, DW_AT_name("AR6")
     281                      .dwattr DW$22, DW_AT_location[DW_OP_reg15]
     282              DW$23   .dwtag  DW_TAG_assign_register, DW_AT_name("AR7")
     283                      .dwattr DW$23, DW_AT_location[DW_OP_reg16]
     284              DW$24   .dwtag  DW_TAG_assign_register, DW_AT_name("SP")
     285                      .dwattr DW$24, DW_AT_location[DW_OP_reg17]
     286              DW$25   .dwtag  DW_TAG_assign_register, DW_AT_name("FP")
     287                      .dwattr DW$25, DW_AT_location[DW_OP_reg18]
     288              DW$26   .dwtag  DW_TAG_assign_register, DW_AT_name("BK")
     289                      .dwattr DW$26, DW_AT_location[DW_OP_reg19]
     290              DW$27   .dwtag  DW_TAG_assign_register, DW_AT_name("T")
     291                      .dwattr DW$27, DW_AT_location[DW_OP_reg20]
     292              DW$28   .dwtag  DW_TAG_assign_register, DW_AT_name("ASM")
     293                      .dwattr DW$28, DW_AT_location[DW_OP_reg21]
     294              DW$29   .dwtag  DW_TAG_assign_register, DW_AT_name("SXM")
     295                      .dwattr DW$29, DW_AT_location[DW_OP_reg22]
     296              DW$30   .dwtag  DW_TAG_assign_register, DW_AT_name("ST0")
     297                      .dwattr DW$30, DW_AT_location[DW_OP_reg23]
     298              DW$31   .dwtag  DW_TAG_assign_register, DW_AT_name("ST1")
     299                      .dwattr DW$31, DW_AT_location[DW_OP_reg24]
     300              DW$32   .dwtag  DW_TAG_assign_register, DW_AT_name("BRC")
     301                      .dwattr DW$32, DW_AT_location[DW_OP_reg25]
     302              DW$33   .dwtag  DW_TAG_assign_register, DW_AT_name("TC")
     303                      .dwattr DW$33, DW_AT_location[DW_OP_reg26]
     304              DW$34   .dwtag  DW_TAG_assign_register, DW_AT_name("PC")
     305                      .dwattr DW$34, DW_AT_location[DW_OP_reg27]
     306              DW$35   .dwtag  DW_TAG_assign_register, DW_AT_name("DB")
     307                      .dwattr DW$35, DW_AT_location[DW_OP_reg28]
TMS320C54x COFF Assembler PC v4.1.0 Tue Feb 16 23:40:20 2010

Tools Copyright (c) 1996-2005 Texas Instruments Incorporated
C:\Users\shining\AppData\Local\Temp\TI5242                           PAGE    7

     308              DW$36   .dwtag  DW_TAG_assign_register, DW_AT_name("PMST")
     309                      .dwattr DW$36, DW_AT_location[DW_OP_reg29]
     310              DW$37   .dwtag  DW_TAG_assign_register, DW_AT_name("RSA")
     311                      .dwattr DW$37, DW_AT_location[DW_OP_reg30]
     312              DW$38   .dwtag  DW_TAG_assign_register, DW_AT_name("REA")
     313                      .dwattr DW$38, DW_AT_location[DW_OP_reg31]
     314              DW$39   .dwtag  DW_TAG_assign_register, DW_AT_name("OVM")
     315                      .dwattr DW$39, DW_AT_location[DW_OP_regx 0x20]
     316              DW$40   .dwtag  DW_TAG_assign_register, DW_AT_name("FRCT")
     317                      .dwattr DW$40, DW_AT_location[DW_OP_regx 0x21]
     318              DW$41   .dwtag  DW_TAG_assign_register, DW_AT_name("CIE_RETA")
     319                      .dwattr DW$41, DW_AT_location[DW_OP_regx 0x22]
     320                      .dwendtag DW$CU
     321              

No Assembly Errors, No Assembly Warnings
